// Jest Snapshot v1, https://goo.gl/fbAQLP

exports[`<BudgetCard /> renders correctly, test using Jest + Enzyme 1`] = `ShallowWrapper {}`;
